// Jest Snapshot v1, https://goo.gl/fbAQLP

exports[`<Sidebar /> testing should render correctly 1`] = `
<aside
  className="journal__sidebar"
>
  <div
    className="journal__sidebar-navbar"
  >
    <h3>
      <i
        className="far fa-moon"
      />
      <span
        className="journal__sidebar-username"
      >
        Davee
      </span>
    </h3>
    <button
      className="btn"
      onClick={[Function]}
    >
      Logout
    </button>
  </div>
  <div
    className="journal__new-entry"
    onClick={[Function]}
  >
    <i
      className="far fa-calendar-plus fa-5x"
    />
    <p>
      New entry
    </p>
  </div>
  <div
    className="journal__entries"
  />
</aside>
`;
